##Copy the file "foobar.txt" from a remote host to the local host

$ scp your_username@remotehost.edu:foobar.txt /some/local/directory

##Copy the file "foobar.txt" from the local host to a remote host

$ scp foobar.txt your_username@remotehost.edu:/some/remote/directory
##Copy the directory "foo" from the local host to a remote host's directory "bar"

$ scp -r foo your_username@remotehost.edu:/some/remote/directory/bar
##Copy the file "foobar.txt" from remote host "rh1.edu" to remote host "rh2.edu"

$ scp your_username@rh1.edu:/some/remote/directory/foobar.txt \ your_username@rh2.edu:/some/remote/directory/
##Copying the files "foo.txt" and "bar.txt" from the local host to your home directory on the remote host

$ scp foo.txt bar.txt your_username@remotehost.edu:~

##Copy the file "foobar.txt" from the local host to a remote host using port 2264

$ scp -P 2264 foobar.txt your_username@remotehost.edu:/some/remote/directory

##Copy multiple files from the remote host to your current directory on the local host

$ scp your_username@remotehost.edu:/some/remote/directory/\{a,b,c\} .
$ scp your_username@remotehost.edu:~/\{foo.txt,bar.txt\} .

####docker####

docker inspect
docker exec -it <mycontainer> bash
docker ps -aq
docker stop $(docker ps -aq)
docker rm $(docker ps -aq)
docker rmi $(docker images -q)

####Dockerfile####

CMD apachectl -D FOREGROUND

####premission denied ####

chmod -R g+rwx /var/www

####add jenkins user to run docker####

sudo usermod -aG docker jenkins

groups

####sudo without pswd ####

you can tell sudo to skip password for some command.

e.g. in /etc/sudoers

archemar  ALL = (www-data) NOPASSWD: /bin/rm -rf /var/www/log/upload.*
this allow me to use

sudo -u www-data /bin/rm -rf /var/www/log/upload.*
as archemar without password.

####SCP with same premmision ####

rsync -avz /path/to/files newserver:/path_to_files 

####Remove apache2 for Good ####

apt-get purge apache2
sudo apt autoremove
sudo apt remove apache2.*

